------------------------------------------------------------
Timing Analyzer Summary
------------------------------------------------------------

Type  : Slow 1200mV 85C Model Setup 'MAX10_CLK1_50'
Slack : -2.797
TNS   : -60.194

Type  : Slow 1200mV 85C Model Hold 'MAX10_CLK1_50'
Slack : 0.316
TNS   : 0.000

Type  : Slow 1200mV 85C Model Minimum Pulse Width 'MAX10_CLK1_50'
Slack : -3.000
TNS   : -67.766

Type  : Slow 1200mV 0C Model Setup 'MAX10_CLK1_50'
Slack : -2.480
TNS   : -51.914

Type  : Slow 1200mV 0C Model Hold 'MAX10_CLK1_50'
Slack : 0.286
TNS   : 0.000

Type  : Slow 1200mV 0C Model Minimum Pulse Width 'MAX10_CLK1_50'
Slack : -3.000
TNS   : -67.766

Type  : Fast 1200mV 0C Model Setup 'MAX10_CLK1_50'
Slack : -0.792
TNS   : -14.017

Type  : Fast 1200mV 0C Model Hold 'MAX10_CLK1_50'
Slack : 0.145
TNS   : 0.000

Type  : Fast 1200mV 0C Model Minimum Pulse Width 'MAX10_CLK1_50'
Slack : -3.000
TNS   : -65.085

------------------------------------------------------------
